PHOTO 23
CREATED 9 studio-2b-roundtrip-1781298892175
PASS: read-back exists
PASS: block count 7
PASS: block order matches submission
PASS: new-block ids assigned
PASS: coverPhotoId persisted
PASS: summary DE intact
PASS: summary EN present
PASS: diptych ratio + photos
PASS: triptych photos
PASS: insetPortrait DE intact
PASS: insetPortrait EN present
PASS: sequence caption DE intact
PASS: sequence caption EN present
PASS: pullQuote DE intact
PASS: pullQuote EN present
PASS: textParagraph DE intact
PASS: textParagraph EN present
PASS: raw locale=all title EN self-healed
PASS: reversed block count 7
PASS: reversed block order
PASS: ids stable across reorder
PASS: EN followed textParagraph
PASS: EN followed pullQuote
PASS: EN followed sequence
PASS: EN followed insetPortrait
PASS: DE intact after reorder
DELETED 9
RESULT: ALL PASS
PHOTO 23
CREATED 10 studio-2b-roundtrip-1781299444241
PASS: read-back exists
PASS: block count 7
PASS: block order matches submission
PASS: new-block ids assigned
PASS: coverPhotoId persisted
PASS: summary DE intact
PASS: summary EN present
PASS: diptych ratio + photos
PASS: triptych photos
PASS: insetPortrait DE intact
PASS: insetPortrait EN present
PASS: sequence caption DE intact
PASS: sequence caption EN present
PASS: pullQuote DE intact
PASS: pullQuote EN present
PASS: textParagraph DE intact
PASS: textParagraph EN present
PASS: raw locale=all title EN self-healed
PASS: reversed block count 7
PASS: reversed block order
PASS: ids stable across reorder
PASS: EN followed textParagraph
PASS: EN followed pullQuote
PASS: EN followed sequence
PASS: EN followed insetPortrait
PASS: DE intact after reorder
DELETED 10
RESULT: ALL PASS
